---
source: ferro-wg-tui-components/src/toast.rs
assertion_line: 165
expression: terminal_to_string(&terminal)
---
                                        
                                        
                                        
                                        
                                        
                                        
                                        
                                        
                                        
                                        
                                        
                                        
                                        
                                        
                                        
                                        
                                        
                                        
                                        
                                        
                                        
                                        
                                        
* very long message that will be truncat
